// Jest Snapshot v1, https://goo.gl/fbAQLP

exports[`Splash screen <Splash /> matches previous snapshot 1`] = `
<View
  style={
    Object {
      "alignItems": "center",
      "justifyContent": "center",
    }
  }
>
  <Text>
    This is the Splash Screen
  </Text>
</View>
`;
